// Vitest Snapshot v1, https://vitest.dev/guide/snapshot.html

exports[`fixtures > __fixtures__/file.spec.ts 1 > snapshot`] = `
"

"
`;

// same Level 2
exports[`fixtures > __fixtures__/file.spec.ts 1 > snapshot_1`] = `
`;

exports[`fixtures > __fixtures__/file.spec.ts 2 > snapshot_1`] = `
`;

exports[`fixtures > __fixtures__/file.spec.ts 2 > snapshot_2`] = `
`;

exports[`fixtures2 > __fixtures__/file.spec.ts 2 > snapshot`] = `
`;

// new level 2
exports[`fixtures2 > __fixtures__/file.spec.ts 2`] = `
`;

exports[`fixtures2 > __fixtures__/file.spec.ts 2 > snapshot_1`] = `
`;

exports[`fixtures2 > __fixtures__/file.spec.ts 2 > snapshot_2`] = `
`;

exports[`fixtures2 > __fixtures__/file.spec.ts 2 > snapshot_2`] = `
`;


exports[`fixtures2 > __fixtures__/file.spec.ts 2`] = `
`;

// other single fixture
exports[`fixtures2`] = `
`;

exports[`fixtures2 > __fixtures__/file.spec.ts 4`] = `
`;

exports[`fixtures`] = `
`;
